// Jest Snapshot v1, https://goo.gl/fbAQLP

exports[`<Hero /> should render and match the snapshot 1`] = `
<div
  class="bg-green-golf-green"
>
  <div
    class="relative z-10 bg-transparent"
  >
    <iframe
      allow="autoplay; fullscreen"
      allowfullscreen=""
      class="w-full"
      frameborder="0"
      height="360"
      src="https://player.vimeo.com/video/454774621"
      title="trailer"
      width="640"
    />
    <div
      class="gridcontainer grid-flow-row grid-flow-col text-center md:mt-5"
    >
      <a
        class="btn inline-block no-underline text-center md:w-52 mr-5 mb-5"
        href="/playtoearn/training"
      >
        Learn About Training
      </a>
      <a
        class="btn inline-block no-underline text-center md:w-52 mr-5 mb-5"
        href="/playtoearn/proshop"
      >
        Learn About Pro Gear
      </a>
    </div>
  </div>
</div>
`;
