// Jest Snapshot v1, https://goo.gl/fbAQLP

exports[`<P2PPurchaseCard /> should render and match the snapshot 1`] = `
<div
  class="styled__Container-sc-1r0ngy4-0 gocMJQ"
>
  <img
    alt="FounderTag"
    class="styled__FounderImage-sc-1r0ngy4-1 cSsNyv"
    src="IMAGE_MOCK"
  />
  <div
    class="styled__ImageContainer-sc-1r0ngy4-4 lfbdZE"
    color="#f3ffe6"
  >
    <div
      class="styled__EthLabel-sc-1r0ngy4-16 dOemqW"
    >
      NaN
    </div>
    <div
      class="styled__ImageScaler-sc-1r0ngy4-2 gBRVCV"
    >
      <div
        class="styled__ImageWrapper-sc-1r0ngy4-3 dPuKwb"
      >
        <div
          class="relative h-full"
          style="min-width: 200px;"
        >
          <img
            alt="body"
            class="styled__Avatar-sc-1g9vwal-1 gulTga"
            src="IMAGE_MOCK"
          />
          <img
            alt="head"
            class="styled__Avatar-sc-1g9vwal-1 gulTga"
            src="IMAGE_MOCK"
          />
          <img
            alt="eyebrow"
            class="styled__Avatar-sc-1g9vwal-1 gulTga"
            src="IMAGE_MOCK"
          />
          <img
            alt="eyes"
            class="styled__Avatar-sc-1g9vwal-1 gulTga"
            src="IMAGE_MOCK"
          />
          <img
            alt="mouth"
            class="styled__Avatar-sc-1g9vwal-1 gulTga"
            src="IMAGE_MOCK"
          />
          <img
            alt="hair"
            class="styled__Avatar-sc-1g9vwal-1 gulTga"
            src="IMAGE_MOCK"
          />
          <img
            alt="shirt"
            class="styled__Avatar-sc-1g9vwal-1 gulTga"
            src="IMAGE_MOCK"
          />
          <img
            alt="pants"
            class="styled__Avatar-sc-1g9vwal-1 gulTga"
            src="IMAGE_MOCK"
          />
          <img
            alt="shoe"
            class="styled__Avatar-sc-1g9vwal-1 gulTga"
            src="IMAGE_MOCK"
          />
          <img
            alt="driver"
            class="styled__Avatar-sc-1g9vwal-1 gulTga"
            src="IMAGE_MOCK"
          />
          <img
            alt="nose"
            class="styled__Avatar-sc-1g9vwal-1 gulTga"
            src="IMAGE_MOCK"
          />
          <img
            alt="hat"
            class="styled__Avatar-sc-1g9vwal-1 gulTga"
            src="IMAGE_MOCK"
          />
        </div>
      </div>
    </div>
    <div>
      <div
        class="styled__InfoBlock-sc-1r0ngy4-7 YcpNj"
      >
        <div
          class="styled__PlayerLabel-sc-1r0ngy4-5 jMedfV"
        >
          Stamina Player
        </div>
        <div
          class="styled__PlayerNumber-sc-1r0ngy4-6 laauUj"
        >
          #
          00001
        </div>
      </div>
    </div>
  </div>
  <div
    class="styled__StatsWrapper-sc-1r0ngy4-8 kQhOii"
  >
    <div
      class="styled__LabelWrapper-sc-1r0ngy4-9 jJtJqN"
    >
      <div
        class="styled__Label-sc-1r0ngy4-10 cKFdhB"
      >
        Power
      </div>
      <div
        class="styled__Stats-sc-1r0ngy4-11 fFXfhK"
      >
        <span
          class="styled__StatsColor-sc-1r0ngy4-12 bYQCXo"
        >
          30
        </span>
        /
        30
      </div>
    </div>
    <div
      class="styled__StatsBarWrapper-sc-1r0ngy4-13 ftuXyV"
    >
      <div
        class="styled__SkillsWrapper-y0cxtz-0 jznPFJ"
      >
        <div
          class="styled__CurrentSkill-y0cxtz-1 jfcaXd"
          width="3"
        />
        <div
          class="styled__PotentialSkill-y0cxtz-2 bixbOC"
          width="3"
        />
        <div
          class="styled__TotalLine-y0cxtz-3 efTfAL"
          width="94"
        />
      </div>
    </div>
    <div
      class="styled__LabelWrapper-sc-1r0ngy4-9 jJtJqN"
    >
      <div
        class="styled__Label-sc-1r0ngy4-10 cKFdhB"
      >
        Accuracy
      </div>
      <div
        class="styled__Stats-sc-1r0ngy4-11 fFXfhK"
      >
        <span
          class="styled__StatsColor-sc-1r0ngy4-12 bYQCXo"
        >
          71
        </span>
        /
        71
      </div>
    </div>
    <div
      class="styled__StatsBarWrapper-sc-1r0ngy4-13 ftuXyV"
    >
      <div
        class="styled__SkillsWrapper-y0cxtz-0 jznPFJ"
      >
        <div
          class="styled__CurrentSkill-y0cxtz-1 iFCPHF"
          width="7.1"
        />
        <div
          class="styled__PotentialSkill-y0cxtz-2 jTAYPA"
          width="7.1"
        />
        <div
          class="styled__TotalLine-y0cxtz-3 blkTHc"
          width="85.8"
        />
      </div>
    </div>
    <div
      class="styled__LabelWrapper-sc-1r0ngy4-9 jJtJqN"
    >
      <div
        class="styled__Label-sc-1r0ngy4-10 cKFdhB"
      >
        Composure
      </div>
      <div
        class="styled__Stats-sc-1r0ngy4-11 fFXfhK"
      >
        <span
          class="styled__StatsColor-sc-1r0ngy4-12 bYQCXo"
        >
          43
        </span>
        /
        43
      </div>
    </div>
    <div
      class="styled__StatsBarWrapper-sc-1r0ngy4-13 ftuXyV"
    >
      <div
        class="styled__SkillsWrapper-y0cxtz-0 jznPFJ"
      >
        <div
          class="styled__CurrentSkill-y0cxtz-1 bruWzc"
          width="4.3"
        />
        <div
          class="styled__PotentialSkill-y0cxtz-2 rDjDe"
          width="4.3"
        />
        <div
          class="styled__TotalLine-y0cxtz-3 exevBS"
          width="91.4"
        />
      </div>
    </div>
    <div
      class="styled__LabelWrapper-sc-1r0ngy4-9 jJtJqN"
    >
      <div
        class="styled__Label-sc-1r0ngy4-10 cKFdhB"
      >
        Stamina
      </div>
      <div
        class="styled__Stats-sc-1r0ngy4-11 fFXfhK"
      >
        <span
          class="styled__StatsColor-sc-1r0ngy4-12 bYQCXo"
        >
          99
        </span>
        /
        99
      </div>
    </div>
    <div
      class="styled__StatsBarWrapper-sc-1r0ngy4-13 ftuXyV"
    >
      <div
        class="styled__SkillsWrapper-y0cxtz-0 jznPFJ"
      >
        <div
          class="styled__CurrentSkill-y0cxtz-1 zyYWk"
          width="9.9"
        />
        <div
          class="styled__PotentialSkill-y0cxtz-2 HmRiq"
          width="9.9"
        />
        <div
          class="styled__TotalLine-y0cxtz-3 inowfO"
          width="80.2"
        />
      </div>
    </div>
  </div>
</div>
`;
