// Jest Snapshot v1, https://goo.gl/fbAQLP

exports[`<ArenaGolfLogo /> should render and match the snapshot 1`] = `
<svg
  height="56"
  viewBox="0 0 100 56"
  width="100"
  xmlns="http://www.w3.org/2000/svg"
>
  <defs>
    <lineargradient
      id="d4ban9q7ja"
      x1="50%"
      x2="50%"
      y1="58.611%"
      y2="43.636%"
    >
      <stop
        offset="0%"
        stop-color="#26225D"
      />
      <stop
        offset="100%"
        stop-color="#3A348F"
      />
    </lineargradient>
    <lineargradient
      id="xdra1xeu7b"
      x1="50%"
      x2="50%"
      y1="82.242%"
      y2="-31.453%"
    >
      <stop
        offset="0%"
        stop-color="#FFF"
      />
      <stop
        offset="100%"
        stop-color="#FFC430"
      />
    </lineargradient>
  </defs>
  <g
    fill="none"
  >
    <path
      d="M91.602 20.47h-8.546v-2.896c-.694-.28-1.408-.545-2.127-.804v-2.836l5.158-.921v-.102l-5.158-.922h-.69v4.531c-.703-.244-1.418-.509-2.137-.717v2.296c-5.406-1.78-10.979-3.012-16.633-3.676 1.1-4.722-.816-9.634-4.827-12.37-4.01-2.737-9.294-2.737-13.304 0-4.011 2.736-5.928 7.648-4.828 12.37-5.701.662-11.32 1.9-16.77 3.696v-2.316c-.725.229-1.434.473-2.138.717v-2.586l5.138-.921v-.102l-5.163-.922h-.69v4.776c-.719.264-1.433.509-2.132.81v2.896H8.21L0 47.269l7.357 6.776h21.398l1.98 1.798h38.163l1.98-1.798H92.52l7.44-6.776-8.358-26.798z"
      fill="url(#d4ban9q7ja)"
    />
    <ellipse
      cx="49.98"
      cy="11.801"
      fill="#FFF"
      rx="8.689"
      ry="8.67"
    />
    <path
      d="M41.383 10.452c.103.617.274 1.222.51 1.802-.027.046-.034.094-.035.144v.05c-.034.407.18.793.538.982l.073.035h.036c.062.021.125.036.189.046.418.16.683.573.653 1.018l.002.072-.004.132.002.061c-.024.262.058.523.227.725.17.202.413.327.676.35.069.01.138.013.208.01l.103-.01.092-.024c.092-.018.186-.024.28-.017.448.046.81.379.896.813l.013.083.004.078c.034.362.264.68.603.823.338.142.725.087 1.008-.139l.063-.055.07-.057c.193-.145.433-.214.675-.192.324.03.612.214.778.489l.039.07.033.073c.158.306.466.508.814.529.412.042.804-.176.986-.542l.034-.074.04-.074c.14-.237.373-.406.645-.464.3-.064.612.015.846.212.163.156.376.252.602.27.262.024.524-.058.726-.227.18-.15.3-.36.339-.588l.011-.087v-.045l.01-.078c.09-.51.555-.878 1.082-.839.053.005.106.014.158.027l.077.024.086.02.087.01c.544.034 1.018-.365 1.077-.905.003-.073 0-.147-.01-.219l-.02-.107-.011-.093c-.003-.042-.002-.084.002-.125l.008-.062c.033-.387.29-.718.658-.845.037-.007.074-.016.11-.027l.054-.02.075-.03c.318-.149.536-.456.567-.81.012-.134-.005-.27-.05-.396.222-.57.382-1.163.479-1.767.05.438.07.878.056 1.319 0 4.788-3.89 8.67-8.689 8.67-4.798 0-8.688-3.882-8.688-8.67-.001-.452.035-.903.107-1.35zm7.921 5.072c.297-.297.75-.377 1.13-.198.38.18.607.578.566.995-.01.116-.04.228-.092.331-.15-.321-.462-.537-.816-.565-.414-.038-.806.189-.98.565-.181-.378-.104-.83.192-1.128zm-2.187-.633l.005.025c.392.024.736.27.884.633.148.362.074.778-.19 1.068l.002-.033-.002-.033c0-.563-.457-1.019-1.02-1.019-.261.003-.511.105-.699.285.045-.5.447-.888.942-.923l.078-.003zm5.653 0c.524-.001.958.405.99.926-.284-.283-.712-.366-1.082-.21-.37.154-.61.517-.607.918v.066c-.187-.188-.293-.442-.295-.707.013-.543.45-.98.994-.993zm-7.89-1.509l.084.007c.533.096.897.59.832 1.125-.038.277-.194.524-.429.677.03-.075.053-.154.067-.234.056-.386-.121-.77-.452-.977-.331-.208-.754-.202-1.079.015.169-.389.559-.63.977-.613zm11.207.613c-.325-.217-.748-.223-1.079-.015-.33.208-.508.59-.452.977.011.08.034.16.066.234-.343-.226-.51-.64-.42-1.042.091-.4.421-.703.829-.76h-.005c.449-.055.88.191 1.06.606zm-6.81-1.383c.347-.236.803-.236 1.15 0 .346.236.513.66.42 1.067.008.068.008.136 0 .204-.217-.322-.581-.513-.97-.51-.397-.012-.773.18-.994.51-.017-.067-.025-.135-.026-.204-.093-.408.074-.831.42-1.067zm-2.371-.452c.366-.025.716.153.91.463.196.31.203.703.02 1.02-.03.063-.067.12-.111.174-.054-.383-.295-.713-.643-.881-.342-.181-.75-.181-1.092 0 .019-.067.044-.132.076-.193.151-.334.474-.559.84-.583zm5.948 0c.367.024.69.249.84.583.03.062.055.127.076.193-.34-.181-.75-.181-1.091 0-.349.168-.59.498-.643.88-.045-.052-.082-.11-.113-.172-.182-.318-.174-.71.02-1.02.195-.311.545-.49.911-.464zm4.064-.782c.315 0 .61.15.796.402-.154-.091-.33-.137-.51-.132-.54.024-.967.464-.974 1.003.002.213.072.42.199.59-.393-.225-.584-.687-.464-1.123.12-.436.52-.736.974-.73l-.02-.01zm-13.602 0c.453-.006.854.294.974.73s-.07.898-.463 1.123c.126-.171.196-.378.199-.59-.014-.553-.467-.993-1.02-.993-.18-.005-.357.04-.511.132.169-.23.429-.374.71-.398l.111-.004zm6.582-1.262c.55 0 .995.444.995.992.008.068.008.136 0 .204-.2-.297-.526-.483-.88-.507l-.09-.002c-.405-.02-.792.173-1.02.509l-.004-.102.004-.102c0-.548.446-.992.995-.992zm-6.99-1.171l.005.025c.453-.006.854.294.974.73s-.07.898-.464 1.123c.128-.17.196-.378.194-.59 0-.553-.441-1.005-.995-1.018-.178-.002-.354.044-.51.132.17-.23.43-.374.711-.399l.085-.003zm13.951.002l.066-.002h-.007c.315 0 .61.149.796.402-.408-.236-.926-.153-1.238.2-.313.352-.332.876-.047 1.25-.393-.225-.584-.687-.464-1.123.113-.41.475-.7.894-.727z"
      fill="#B0AEC2"
    />
    <path
      d="M54.53 47.025v.092c-.096 0-.158.025-.178.05-.025.022-.038.054-.036.087v2.856l2.648-.02c.036.001.07-.014.092-.04.027-.055.043-.114.046-.174h.092v1.319h-.092c0-.053-.016-.104-.046-.148-.03-.01-.062-.01-.092 0h-4.01v-.092c.097 0 .158-.025.179-.05.024-.022.037-.054.035-.087v-3.564c.002-.033-.01-.065-.035-.086l-.04-.017c-.033-.013-.084-.028-.139-.034v-.092h1.577zm-17.754-.046c.095.005.19.015.285.03l.28.057.348.091c.08.022.16.048.237.079l.115.049c.064.033.133.057.204.071.044-.002.084-.024.107-.061l.092.03-.51 1.019-.092-.056c.004-.027.004-.055 0-.082 0-.035-.046-.076-.133-.117-.104-.053-.213-.094-.326-.122-.148-.039-.298-.07-.45-.092-.168-.025-.339-.037-.51-.035-.172 0-.344.025-.51.07-.16.046-.311.122-.444.225-.131.102-.238.232-.31.382-.077.159-.115.333-.113.509-.004.187.043.372.138.534.088.146.206.27.347.367.142.098.301.17.469.214.166.045.338.069.51.071.193 0 .386-.013.577-.04.172-.025.342-.06.51-.108v-.509l-.944.005c-.034-.003-.067.015-.082.046-.017.033-.028.07-.03.107h-.092v-1.069h.092c0 .092.046.137.112.137h2.26v.092c-.035-.002-.068.012-.092.038-.016.017-.026.038-.03.06v1.322c-.006.03-.006.062 0 .092 0 .02.023.031.053.034l.06.002v.091c-.765.383-1.611.572-2.465.55-.314.003-.626-.036-.929-.117-.285-.071-.554-.198-.79-.372-.232-.166-.423-.384-.557-.636-.128-.244-.2-.514-.209-.788v-.118c-.01-.313.063-.624.21-.901.133-.254.323-.473.555-.642.237-.177.505-.307.791-.381.302-.087.615-.13.929-.128h.337zm8.984-.02c.313-.001.624.043.924.132.274.083.53.216.755.392.215.174.39.393.51.642.251.564.251 1.207 0 1.771-.12.249-.295.468-.51.642-.224.177-.48.306-.755.382-.605.162-1.242.162-1.847 0-.275-.077-.531-.206-.755-.382-.216-.174-.39-.393-.51-.642-.26-.562-.26-1.209 0-1.771.12-.25.294-.468.51-.642.225-.175.481-.308.755-.392.3-.089.61-.133.923-.132zm20.311-.163v1.329l-.112-.005c-.003-.053-.019-.103-.046-.148-.017-.02-.04-.032-.066-.035h-2.551v.676h1.699c.034.004.069-.01.092-.035.028-.04.043-.088.046-.138h.091v1.283h-.091c-.002-.059-.018-.116-.046-.168-.023-.027-.057-.042-.092-.04h-1.7v1.288c0 .031.01.062.032.086.055.034.118.052.183.051v.092h-1.607v-.092c.063 0 .125-.017.179-.05.03-.02.05-.052.056-.087v-3.564c0-.033-.013-.064-.036-.087-.053-.034-.115-.051-.179-.05v-.092h3.919c.035.001.07-.014.092-.04.027-.055.043-.114.046-.174h.091zm-20.31 1.094c-.164 0-.326.026-.48.077-.145.048-.28.122-.398.219-.116.096-.21.216-.276.351-.07.148-.104.31-.102.474-.002.165.033.328.102.478.066.135.16.255.276.351.118.097.253.17.398.22.311.102.647.102.959 0 .145-.05.28-.123.398-.22.116-.096.21-.216.275-.35.07-.15.105-.314.102-.48.003-.163-.032-.325-.102-.473-.066-.135-.16-.255-.275-.351-.119-.097-.253-.17-.398-.22-.155-.05-.317-.076-.48-.076zm-16.97.367l.056.03v1.396l-.051.03-3.827-.697v-.077l3.822-.682zm42.377-.03l3.822.697V49l-3.827.698-.05-.03v-1.41l.055-.031zM17.153 24.05c.801.427 1.33 1.163.879 3.12l-.756 3.075c-.393 1.584-1.118 2.704-2.618 3.274 1.163.558 1.376 1.628 1.03 3.136l-.933 3.772c-.51 2.072-1.53 2.836-2.724 3.274H4.357L10.52 24.05h6.633zm72.087 0l1.3 4.073h-3.724l1.02 3.563h3.603l.497 1.584.794 2.489h-3.715l1.102 3.823h4.164l1.3 4.073h-8.209L82.24 24.05h7zm-65.398 0L20.929 38.14h3.525l-.673 3.707h-7.143L20.78 24.05h3.06zm10.872 0c.801.397 1.383 1.09 1.179 2.968-.422 3.957-.845 7.911-1.27 11.862-.205 1.878-1.021 2.545-2.041 2.968h-5.138l-.144-.068c-.824-.408-1.37-1.123-1.07-2.9l1.99-11.862c.316-1.879 1.091-2.546 2-2.968h4.494zm4.99 0H44.2l.145.073c.759.41 1.316 1.127 1.263 2.895l-.138 4.302h-3.23l.215-3.808-.184-.25h-.984l-.215.25-.73 10.874.2.25h1.071l.23-.25.209-3.757h3.337l-.029.6-.027.656c-.027.727-.042 1.346-.069 2.117l-.033.878c-.062 1.878-.827 2.545-1.812 2.968h-5.137l-.158-.072c-.85-.408-1.445-1.125-1.281-2.896.36-3.954.724-7.908 1.092-11.862.168-1.879.893-2.546 1.77-2.968zm11.04-.02l.004 1.45.01 1.34c.013 1.28.033 2.452.048 4.133h.403l.32-1.39.366-1.617c.266-1.198.509-2.33.845-3.917h2.806l.122 2.673-.32 1.353c-.397 1.66-.696 2.847-1.21 4.822l.691 2.1c.447 1.34.836 2.468 1.441 4.183l.123 2.667h-3.204l-.566-2.002-.359-1.294c-.321-1.174-.621-2.31-1.024-3.872l-.388.02.066 7.169h-3.515l.28-17.819h3.062zm9.48.02l1.194 14.091h3.531l.408 3.707h-7.143l-1.05-17.798h3.06zm11.225 0l.648 3.706H68.73l.44 2.95.04.267h3.244l.643 3.707H69.76l.51 3.461h3.74l.653 3.707h-7.352L65.107 24.05h6.342zm9.189 0l.923 3.706h-2.275c1.081 4.697 2.165 9.394 3.25 14.092H79.02c-.966-4.698-1.933-9.395-2.903-14.092h-2.275l-.7-3.706h7.496zM12.02 35.515h-1.387l-1.409 4.912h1.44l.316-.275 1.199-4.368-.115-.197-.044-.072zm20.526-8.253h-1.02l-.116.127-.075.078-.044.045-1.53 10.874.178.25h1.076l.245-.25 1.424-10.874-.138-.25zm-18.26.061H12.98l-1.409 4.918h1.358l.3-.275 1.2-4.368-.143-.275z"
      fill="#FFF"
    />
    <path
      d="M15.78 36.075c-.022.162-.05.323-.083.483l-.054.24-.898 3.63c-.5 2.01-1.471 2.789-2.63 3.243l-.105.04H4.357l1.617-5.157c1.073-.337 2.168-.656 3.285-.958l.843-.223-.878 3.054h1.44l.316-.275.27-.966c.225-.813.397-1.465.617-2.256 1.286-.306 2.59-.59 3.914-.855zm69.664.315c1.36.292 2.695.608 4.005.947l.653 2.266h4.179l1.321 4.098h-8.23c-.632-2.437-1.275-4.874-1.928-7.31zm-63.867-1.303l-.633 3.054h3.525l-.234 1.282c-.07.386-.133.747-.201 1.138l-.228 1.312h-7.143l1.434-6.21c.869-.157 1.74-.302 2.61-.44l.87-.136zm25.964-2.138h2.762l.806.004c.959.007 1.983.023 3.054.052l.703 2.134c.426 1.278.81 2.388 1.394 4.041l.123 2.668h-3.204l-.567-2.002c-.422-1.51-.75-2.728-1.197-4.45l-.185-.716h-.378l.053 4.865c.003.487.006 1.001.007 1.57l.001.712h-3.51l.138-8.878zm-12.337.58c-.194 1.785-.386 3.569-.576 5.35-.203 1.822-.972 2.528-1.95 2.932l-.091.037h-5.143l-.147-.07c-.794-.396-1.333-1.08-1.087-2.716l.79-4.734c1.136-.135 2.264-.26 3.383-.371l-.638 4.434.178.25h1.082l.245-.25.607-4.582c1.133-.102 2.248-.195 3.347-.28zm5.46-.336l-.348 5.193.098.125.101.124h1.072l.23-.25.209-3.756h3.336l-.132 4.25c-.06 1.824-.783 2.53-1.725 2.933l-.087.036h-5.137l-.158-.072c-.825-.396-1.409-1.082-1.299-2.738l.013-.158.51-5.499c1.14-.074 2.245-.137 3.316-.188zm17.05-.071c.857.038 1.735.081 2.634.13l.678.038.413 4.851h3.53l.409 3.707h-7.143c-.177-2.909-.35-5.818-.52-8.726zm8.613.54c2.193.183 4.454.412 6.744.692l.036.159.015.081.006.086H69.79l.318 2.18.192 1.281h3.714l.653 3.707h-7.357c-.337-2.73-.665-5.458-.984-8.187zm11.28 1.303c.773.115 1.546.237 2.318.366l1.157.199 1.464 6.318-3.526-.01-1.413-6.873z"
      fill="url(#xdra1xeu7b)"
    />
    <path
      d="M95.102 53.317v.728h-.138v-.728H94.7v-.112h.663v.143l-.26-.03zm1.214.739v-.708l-.285.697h-.087l-.27-.702v.697h-.138v-.84h.214l.245.642.25-.637h.214v.84l-.143.01z"
      fill="#262261"
    />
  </g>
</svg>
`;

exports[`<Fast /> should render and match the snapshot 1`] = `
<svg
  height="49"
  viewBox="0 0 85 49"
  width="85"
>
  <g
    fill="#2CB673"
    fill-rule="evenodd"
  >
    <path
      d="M41.717 13.03c0-1.218-1.031-2.25-2.25-2.25H11.343c-1.218 0-2.25 1.032-2.25 2.25 0 1.22 1.032 2.25 2.25 2.25h28.124c1.313 0 2.25-1.03 2.25-2.25M38.06 23.811c0-1.218-1.03-2.25-2.25-2.25H21c-1.219 0-2.25 1.032-2.25 2.25 0 1.219 1.031 2.25 2.25 2.25h14.812c1.312 0 2.25-1.031 2.25-2.25"
    />
    <path
      d="M60.091 0H2.25C1.03 0 0 1.031 0 2.25S1.031 4.5 2.25 4.5h57.935c10.968 0 19.78 8.905 19.78 19.78 0 10.874-8.906 19.78-19.78 19.78-7.406 0-14.156-4.124-17.624-10.687a2.186 2.186 0 0 0-1.969-1.218h-11.53c-1.22 0-2.25 1.03-2.25 2.25 0 1.218 1.03 2.25 2.25 2.25h10.124c4.312 7.405 12.28 11.999 20.905 11.999 13.406-.094 24.28-10.968 24.28-24.374C84.371 10.874 73.497 0 60.091 0"
    />
    <path
      d="M60.091 8.437c-1.312 0-2.437 1.125-2.437 2.437v14.344c0 .187.093.28.093.468.094.094.094.281.188.375.094.094.188.282.281.375l6.187 6.187c.47.47 1.125.75 1.688.75.656 0 1.218-.28 1.687-.75.938-.937.938-2.53 0-3.468l-5.53-5.531v-12.75c.28-1.312-.75-2.437-2.157-2.437"
    />
  </g>
</svg>
`;

exports[`<HamburgerIcon /> should render and match the snapshot 1`] = `
<svg
  height="13"
  width="14"
>
  <g
    fill="none"
    fill-rule="nonzero"
    stroke="#FFF"
    stroke-linecap="round"
    stroke-linejoin="round"
    stroke-width="2"
  >
    <path
      d="M1 1h12M1 6.25h12M1 11.25h12"
    />
  </g>
</svg>
`;

exports[`<Key /> should render and match the snapshot 1`] = `
<svg
  height="39"
  viewBox="0 0 79 39"
  width="79"
>
  <defs>
    <path
      d="M0 .045h78.262V38.25H0z"
      id="a"
    />
  </defs>
  <g
    fill="none"
    fill-rule="evenodd"
  >
    <path
      d="M14.666 16.348a3.18 3.18 0 0 0-3.205 3.205 3.18 3.18 0 0 0 3.205 3.204 3.18 3.18 0 0 0 3.205-3.204 3.18 3.18 0 0 0-3.205-3.205zm0-3.205c3.52 0 6.41 2.888 6.41 6.41 0 3.52-2.89 6.409-6.41 6.409s-6.41-2.889-6.41-6.41c0-3.52 2.89-6.41 6.41-6.41zm4.436-8.813A15.198 15.198 0 0 0 3.879 19.553a15.199 15.199 0 0 0 15.223 15.222c6.08 0 11.274-3.574 13.72-8.713.27-.555.836-.906 1.453-.901H44.94l4.381-3.656a1.602 1.602 0 0 1 2.053 0l3.781 3.155 3.78-3.155a1.602 1.602 0 0 1 2.053 0l3.856 3.23 8.488-6.01-5.884-4.781H34.275a1.602 1.602 0 0 1-1.452-.926c-2.447-5.14-7.64-8.689-13.721-8.689zm0-3.205c6.946 0 12.89 3.925 16.024 9.614h32.85c.363 0 .716.124 1 .35l8.012 6.486a1.602 1.602 0 0 1-.075 2.553l-11.217 7.937c-.592.42-1.393.39-1.952-.075l-3.781-3.155-3.78 3.155a1.602 1.602 0 0 1-2.053 0l-3.78-3.155-3.781 3.155a1.604 1.604 0 0 1-1.027.375H35.126c-3.136 5.682-9.084 9.615-16.024 9.615C8.944 37.98.675 29.71.675 19.553c0-10.159 8.27-18.428 18.427-18.428z"
      fill="#2CB673"
    />
    <g
      transform="translate(0 .405)"
    >
      <mask
        fill="#fff"
        id="b"
      >
        <use
          xlink:href="#a"
        />
      </mask>
      <path
        d="M14.666 16.618a2.503 2.503 0 0 0-2.53 2.53 2.503 2.503 0 0 0 2.53 2.53 2.503 2.503 0 0 0 2.53-2.53 2.503 2.503 0 0 0-2.53-2.53m0 6.41a3.838 3.838 0 0 1-3.88-3.88 3.838 3.838 0 0 1 3.88-3.88 3.838 3.838 0 0 1 3.88 3.88 3.838 3.838 0 0 1-3.88 3.88m0-9.615a5.741 5.741 0 0 0-5.734 5.735 5.741 5.741 0 0 0 5.734 5.734 5.741 5.741 0 0 0 5.735-5.734 5.741 5.741 0 0 0-5.735-5.735m0 12.82a7.092 7.092 0 0 1-7.084-7.085 7.092 7.092 0 0 1 7.084-7.085 7.092 7.092 0 0 1 7.085 7.085 7.092 7.092 0 0 1-7.085 7.084M19.102 4.6c-8.022 0-14.548 6.526-14.548 14.548s6.526 14.547 14.548 14.547c5.642 0 10.666-3.191 13.111-8.328a2.316 2.316 0 0 1 2.067-1.286h10.416l4.194-3.499a2.275 2.275 0 0 1 2.918 0l3.348 2.794 3.348-2.794a2.277 2.277 0 0 1 2.918 0l3.458 2.897 7.337-5.195-5.007-4.07H34.275a2.284 2.284 0 0 1-2.065-1.317C29.775 7.781 24.751 4.6 19.102 4.6m0 30.445c-8.766 0-15.898-7.13-15.898-15.897 0-8.766 7.132-15.898 15.898-15.898 6.175 0 11.666 3.476 14.33 9.073.155.33.484.541.843.541h33.413l6.76 5.494-9.637 6.824-4.255-3.565a.93.93 0 0 0-1.187.002l-4.213 3.516-4.213-3.516a.927.927 0 0 0-1.188 0l-4.57 3.812h-10.91c-.355.015-.69.202-.845.522-2.669 5.606-8.16 9.092-14.328 9.092m0-33.65C9.314 1.395 1.35 9.36 1.35 19.148c0 9.788 7.964 17.752 17.752 17.752 6.365 0 12.279-3.55 15.433-9.266l.193-.348h10.814a.93.93 0 0 0 .592-.218l4.215-3.516 4.213 3.515a.928.928 0 0 0 1.188 0l4.213-3.516 4.213 3.516a.93.93 0 0 0 1.13.043l11.217-7.937a.922.922 0 0 0 .383-.854.92.92 0 0 0-.34-.623l-8.014-6.486a.927.927 0 0 0-.575-.2H34.726l-.191-.35c-3.148-5.714-9.061-9.265-15.433-9.265m0 36.855C8.57 38.25 0 29.68 0 19.148 0 8.615 8.57.045 19.102.045c6.732 0 12.987 3.674 16.418 9.615h32.458c.513 0 1.018.177 1.42.498l8.015 6.487c.472.38.769.923.835 1.528a2.263 2.263 0 0 1-.944 2.1l-11.218 7.939a2.277 2.277 0 0 1-2.774-.109l-3.35-2.793-3.347 2.793a2.276 2.276 0 0 1-2.918 0l-3.348-2.794-3.348 2.794a2.278 2.278 0 0 1-1.457.533H35.52c-3.438 5.94-9.692 9.614-16.418 9.614"
        fill="#2CB673"
        mask="url(#b)"
      />
    </g>
  </g>
</svg>
`;

exports[`<Money /> should render and match the snapshot 1`] = `
<svg
  height="49"
  viewBox="0 0 79 49"
  width="79"
>
  <g
    fill="#2CB673"
    fill-rule="evenodd"
  >
    <path
      d="M3.762 45.142h71.474V3.762H3.762v41.38zM77.117 0H1.88A1.887 1.887 0 0 0 0 1.881v45.142c0 1.034.846 1.88 1.881 1.88h75.236c1.034 0 1.88-.846 1.88-1.88V1.88A1.886 1.886 0 0 0 77.118 0z"
    />
    <path
      d="M11.285 18.62a9.423 9.423 0 0 0 7.336-7.335h41.756a9.423 9.423 0 0 0 7.336 7.336v11.661a9.423 9.423 0 0 0-7.336 7.336H18.62a9.423 9.423 0 0 0-7.336-7.336V18.621zm-1.88 15.236c3.103 0 5.642 2.54 5.642 5.643 0 1.034.846 1.88 1.88 1.88H62.07a1.886 1.886 0 0 0 1.88-1.88c0-3.104 2.54-5.643 5.643-5.643a1.886 1.886 0 0 0 1.881-1.88V16.927c0-1.035-.846-1.88-1.88-1.88-3.104 0-5.643-2.54-5.643-5.643a1.887 1.887 0 0 0-1.881-1.881H16.928a1.887 1.887 0 0 0-1.881 1.88c0 3.104-2.539 5.643-5.643 5.643-1.034 0-1.88.846-1.88 1.88v15.048c0 1.035.846 1.88 1.88 1.88z"
    />
    <path
      d="M39.499 16.928a7.522 7.522 0 0 1 7.524 7.524 7.522 7.522 0 0 1-7.524 7.523 7.521 7.521 0 0 1-7.524-7.523 7.522 7.522 0 0 1 7.524-7.524m0 18.809c6.226 0 11.285-5.06 11.285-11.285 0-6.226-5.06-11.286-11.285-11.286-6.226 0-11.285 5.06-11.285 11.286s5.059 11.285 11.285 11.285"
    />
  </g>
</svg>
`;

exports[`<Train /> should render and match the snapshot 1`] = `
<svg
  height="66"
  viewBox="0 0 80 66"
  width="80"
>
  <defs>
    <path
      d="M0 0h79.534v65.82H0z"
      id="a"
    />
  </defs>
  <g
    fill="none"
    fill-rule="evenodd"
  >
    <mask
      fill="#fff"
      id="b"
    >
      <use
        xlink:href="#a"
      />
    </mask>
    <path
      d="M52.432 59.029c1.408 0 2.751.294 4.081.884.596.263 1.23.517 1.939.775 4.885 1.78 9.494 1.667 14.085-.344 2.846-1.25 3.137-3.094 3.108-4.374-.026-1.057-.257-2.188-.47-3.165l-.001-.003c-.165-.759-.363-1.51-.571-2.307-.333-1.266-.677-2.575-.886-3.937a29.876 29.876 0 0 1-.185-1.72c-.158-1.748-.423-4.675-1.254-5.92l-.137-.243c-.206-.431-1.543-1.462-3.84-2.001-.387-.09-.772-.16-1.144-.207l-.24-.045c-.71-.18-1.557-.199-2.517-.052-3.174.492-6.85 2.624-9.533 4.181-.458.266-.887.516-1.282.738-3.41 1.929-5.648.904-6.934-.315l-.014-.012c-.58-.486-1.055-1.008-1.473-1.469-.544-.598-1.014-1.115-1.62-1.473-1.29-.762-2.868-1.287-4.962-1.651-4.416-.769-8.594-.229-11.766 1.52-.657.363-1.384 1.08-2.153 1.837-1.702 1.678-3.82 3.768-6.852 3.393l-2.242-.276.607-2.176c.506-1.815 1.702-3.267 2.756-4.549.542-.657 1.053-1.278 1.424-1.882.503-.829.834-1.885 1.184-3.003l.07-.226c.472-1.515.934-3.072 1.38-4.577a295.11 295.11 0 0 1 1.66-5.475c.64-2.027 1.505-4.325 3.666-5.885 1.035-.748 2.119-1.415 3.167-2.06.473-.292.949-.585 1.423-.886l1.445-.921 1.095 1.318c.194.234.382.463.565.692.886 1.122 1.334 1.196 1.338 1.197 0 0 .45-.096 1.294-1.386.689-1.045 1.52-1.901 2.325-2.729.292-.3.584-.6.865-.907a8.97 8.97 0 0 1 .648-.623c.178-.16.361-.323.44-.43l.055-.078-.06-.037c-2.448-1.515-5.388-3.194-8.636-4.163-1.31-.393-1.899-.076-2.526.644l-.12.138c-.321.368-.624.714-.815 1.036-2.663 4.51-6.223 8.323-9.365 11.688C16.817 22.525 12.03 28 8.416 34.4c-1.752 3.105-2.938 6.51-3.626 10.408l-.071.403c-.417 2.34-.846 4.76-.831 7.048.012 2.078.265 2.07 1.693 2.075h.018c1.44 0 2.847.33 4.09.62l.321.075c.722.17 1.398.388 2.05.597.678.219 1.317.424 1.943.558.757.161 1.533.273 2.355.39 1.123.162 2.285.329 3.45.637l.824.218c3.577.943 7.275 1.918 10.834 3.212 5 1.819 10.251 1.584 16.526-.738 1.576-.583 3.04-.874 4.44-.874m12.744 6.792c-2.657 0-5.348-.494-8.055-1.48a34.635 34.635 0 0 1-2.182-.874c-1.714-.76-3.388-.735-5.599.083-7.185 2.659-13.287 2.896-19.202.745-3.393-1.234-7.004-2.186-10.496-3.107l-.828-.218c-.948-.251-1.949-.395-3.009-.547-.85-.122-1.728-.248-2.612-.437-.819-.175-1.584-.42-2.322-.658-.608-.196-1.18-.38-1.745-.513l-.324-.076c-1.137-.265-2.212-.517-3.203-.517h-.03c-3.777 0-5.546-1.888-5.57-5.94-.017-2.64.445-5.238.891-7.752l.071-.398c.766-4.34 2.097-8.148 4.07-11.643 3.812-6.757 8.781-12.442 13.582-17.58 3.004-3.218 6.411-6.867 8.86-11.015.375-.631.83-1.153 1.232-1.612l.116-.133C30.555.158 32.765-.454 35.392.332c3.683 1.099 6.904 2.932 9.569 4.58 1.36.84 1.81 1.867 1.948 2.58.139.717.103 1.844-.856 3.146-.317.432-.684.76-.98 1.024-.144.13-.281.253-.375.355-.303.332-.622.66-.942.989-.71.73-1.38 1.418-1.863 2.152-.49.747-1.984 3.03-4.374 3.135-1.378.062-2.691-.589-3.977-1.986a.511.511 0 0 1-.02.013c-1.034.637-2.01 1.237-2.93 1.901-1.081.782-1.657 2.075-2.235 3.907a292.044 292.044 0 0 0-1.64 5.406c-.45 1.519-.915 3.088-1.396 4.633l-.071.227c-.24.767-.5 1.598-.844 2.415.172-.115.35-.223.531-.324 5.057-2.787 10.573-2.598 14.311-1.947 2.57.448 4.564 1.126 6.274 2.135 1.111.657 1.859 1.48 2.519 2.205.368.405.715.788 1.092 1.104.057.044.127.106.194.171.27.26.731.665 2.346-.249.384-.216.8-.458 1.243-.715 2.95-1.712 6.991-4.057 10.892-4.661 1.432-.22 2.76-.187 3.948.097.47.063.95.151 1.432.264 3.05.716 5.48 2.233 6.396 3.98 1.319 2.073 1.608 5.273 1.82 7.619.054.607.102 1.13.156 1.481.178 1.16.481 2.315.803 3.54.21.799.426 1.625.61 2.464.252 1.153.524 2.5.559 3.906.082 3.655-1.796 6.43-5.434 8.025-2.914 1.278-5.897 1.917-8.922 1.917"
      fill="#2CB673"
      mask="url(#b)"
    />
  </g>
</svg>
`;
