// Jest Snapshot v1, https://goo.gl/fbAQLP

exports[`<Toggle /> should render and match the snapshot 1`] = `
<label
  class="styled__Label-sc-2nfokb-0 fXMNSd"
>
  <input
    type="checkbox"
  />
  <div />
</label>
`;
