// Jest Snapshot v1, https://goo.gl/fbAQLP

exports[`<Alert /> should render and match the snapshot 1`] = `
<div
  class="styled__Container-sc-1jnjsgk-0 oVMjP"
/>
`;
